**********************
Windows PowerShell transcript start
Start time: 20241009123122
Username: ASCENDION\hrushikesh.l
RunAs User: ASCENDION\hrushikesh.l
Configuration Name: 
Machine: LAPTOP-NP34I45M (Microsoft Windows NT 10.0.22631.0)
Host Application: C:\Windows\System32\WindowsPowerShell\v1.0\powershell.exe
Process ID: 7760
PSVersion: 5.1.22621.4111
PSEdition: Desktop
PSCompatibleVersions: 1.0, 2.0, 3.0, 4.0, 5.0, 5.1.22621.4111
BuildVersion: 10.0.22621.4111
CLRVersion: 4.0.30319.42000
WSManStackVersion: 3.0
PSRemotingProtocolVersion: 2.3
SerializationVersion: 1.1.0.1
**********************
Transcript started, output file is hrushi.log
PS C:\Users\hrushikesh.l> new-item -path C:\Users\hrushikesh.l\OneDrive - ascendion\Desktop\Cognixia -name 'QA-Training' -itemtype directory
PS C:\Users\hrushikesh.l> TerminatingError(New-Item): "A positional parameter cannot be found that accepts argument '-'."
New-Item : A positional parameter cannot be found that accepts argument '-'.
At line:1 char:1
+ new-item -path C:\Users\hrushikesh.l\OneDrive - ascendion\Desktop\Cog ...
+ ~~~~~~~~~~~~~~~~~~~~~~~~~~~~~~~~~~~~~~~~~~~~~~~~~~~~~~~~~~~~~~~~~~~~~
    + CategoryInfo          : InvalidArgument: (:) [New-Item], ParameterBindingException
    + FullyQualifiedErrorId : PositionalParameterNotFound,Microsoft.PowerShell.Commands.NewItemCommand
New-Item : A positional parameter cannot be found that accepts argument '-'.
At line:1 char:1
+ new-item -path C:\Users\hrushikesh.l\OneDrive - ascendion\Desktop\Cog ...
+ ~~~~~~~~~~~~~~~~~~~~~~~~~~~~~~~~~~~~~~~~~~~~~~~~~~~~~~~~~~~~~~~~~~~~~
    + CategoryInfo          : InvalidArgument: (:) [New-Item], ParameterBindingException
    + FullyQualifiedErrorId : PositionalParameterNotFound,Microsoft.PowerShell.Commands.NewItemCommand

PS C:\Users\hrushikesh.l> new-item -path C:\Users\hrushikesh.l\OneDrive - ascendion\Desktop\Cognixia -name 'QA-Training' -itemtype directory
>> TerminatingError(New-Item): "A positional parameter cannot be found that accepts argument '-'."
New-Item : A positional parameter cannot be found that accepts argument '-'.
At line:1 char:1
+ new-item -path C:\Users\hrushikesh.l\OneDrive - ascendion\Desktop\Cog ...
+ ~~~~~~~~~~~~~~~~~~~~~~~~~~~~~~~~~~~~~~~~~~~~~~~~~~~~~~~~~~~~~~~~~~~~~
    + CategoryInfo          : InvalidArgument: (:) [New-Item], ParameterBindingException
    + FullyQualifiedErrorId : PositionalParameterNotFound,Microsoft.PowerShell.Commands.NewItemCommand
New-Item : A positional parameter cannot be found that accepts argument '-'.
At line:1 char:1
+ new-item -path C:\Users\hrushikesh.l\OneDrive - ascendion\Desktop\Cog ...
+ ~~~~~~~~~~~~~~~~~~~~~~~~~~~~~~~~~~~~~~~~~~~~~~~~~~~~~~~~~~~~~~~~~~~~~
    + CategoryInfo          : InvalidArgument: (:) [New-Item], ParameterBindingException
    + FullyQualifiedErrorId : PositionalParameterNotFound,Microsoft.PowerShell.Commands.NewItemCommand

PS C:\Users\hrushikesh.l>  new-item-path C:\Users\hrushikesh.l\OneDrive - ascendion\Desktop\Cognixia -name 'QA-Training' -itemtype directory
new-item-path : The term 'new-item-path' is not recognized as the name of a cmdlet, function, script file, or operable 
program. Check the spelling of the name, or if a path was included, verify that the path is correct and try again.
At line:1 char:2
+  new-item-path C:\Users\hrushikesh.l\OneDrive - ascendion\Desktop\Cog ...
+  ~~~~~~~~~~~~~
    + CategoryInfo          : ObjectNotFound: (new-item-path:String) [], CommandNotFoundException
    + FullyQualifiedErrorId : CommandNotFoundException
new-item-path : The term 'new-item-path' is not recognized as the name of a cmdlet, function, script file, or operable program.
Check the spelling of the name, or if a path was included, verify that the path is correct and try again.
At line:1 char:2
+  new-item-path C:\Users\hrushikesh.l\OneDrive - ascendion\Desktop\Cog ...
+  ~~~~~~~~~~~~~
    + CategoryInfo          : ObjectNotFound: (new-item-path:String) [], CommandNotFoundException
    + FullyQualifiedErrorId : CommandNotFoundException

PS C:\Users\hrushikesh.l>  new-item -path C:\Users\hrushikesh.l\OneDrive-ascendion\Desktop\Cognixia -name 'QA-Training' -itemtype directory


    Directory: C:\Users\hrushikesh.l\OneDrive-ascendion\Desktop\Cognixia


Mode                 LastWriteTime         Length Name
----                 -------------         ------ ----
d-----        09-10-2024     12:35                QA-Training


PS C:\Users\hrushikesh.l> set-location C:\Users\hrushikesh.l\OneDrive - ascendion\Desktop\Cognixia\QA-Training
>> TerminatingError(Set-Location): "A positional parameter cannot be found that accepts argument '-'."
Set-Location : A positional parameter cannot be found that accepts argument '-'.
At line:1 char:1
+ set-location C:\Users\hrushikesh.l\OneDrive - ascendion\Desktop\Cogni ...
+ ~~~~~~~~~~~~~~~~~~~~~~~~~~~~~~~~~~~~~~~~~~~~~~~~~~~~~~~~~~~~~~~~~~~~~
    + CategoryInfo          : InvalidArgument: (:) [Set-Location], ParameterBindingException
    + FullyQualifiedErrorId : PositionalParameterNotFound,Microsoft.PowerShell.Commands.SetLocationCommand
Set-Location : A positional parameter cannot be found that accepts argument '-'.
At line:1 char:1
+ set-location C:\Users\hrushikesh.l\OneDrive - ascendion\Desktop\Cogni ...
+ ~~~~~~~~~~~~~~~~~~~~~~~~~~~~~~~~~~~~~~~~~~~~~~~~~~~~~~~~~~~~~~~~~~~~~
    + CategoryInfo          : InvalidArgument: (:) [Set-Location], ParameterBindingException
    + FullyQualifiedErrorId : PositionalParameterNotFound,Microsoft.PowerShell.Commands.SetLocationCommand

PS C:\Users\hrushikesh.l> set-location C:\Users\hrushikesh.l\OneDrive-ascendion\Desktop\Cognixia\QA-Training
PS C:\Users\hrushikesh.l\OneDrive-ascendion\Desktop\Cognixia\QA-Training> git --version
git : The term 'git' is not recognized as the name of a cmdlet, function, script file, or operable program. Check the 
spelling of the name, or if a path was included, verify that the path is correct and try again.
At line:1 char:1
+ git --version
+ ~~~
    + CategoryInfo          : ObjectNotFound: (git:String) [], CommandNotFoundException
    + FullyQualifiedErrorId : CommandNotFoundException
git : The term 'git' is not recognized as the name of a cmdlet, function, script file, or operable program. Check the spelling of
the name, or if a path was included, verify that the path is correct and try again.
At line:1 char:1
+ git --version
+ ~~~
    + CategoryInfo          : ObjectNotFound: (git:String) [], CommandNotFoundException
    + FullyQualifiedErrorId : CommandNotFoundException

PS C:\Users\hrushikesh.l\OneDrive-ascendion\Desktop\Cognixia\QA-Training> Invoke-WebRequest -Uri https://github.com/git-for-windows/git/releases/download/v2.44.0.windows.1/Git-2.44.0-64-bit.exe -OutFile git-installer.exe
PS C:\Users\hrushikesh.l\OneDrive-ascendion\Desktop\Cognixia\QA-Training> .\git-installer.exe /VERYSILENT /NORESTART
PS C:\Users\hrushikesh.l\OneDrive-ascendion\Desktop\Cognixia\QA-Training> git --version
git : The term 'git' is not recognized as the name of a cmdlet, function, script file, or operable program. Check the 
spelling of the name, or if a path was included, verify that the path is correct and try again.
At line:1 char:1
+ git --version
+ ~~~
    + CategoryInfo          : ObjectNotFound: (git:String) [], CommandNotFoundException
    + FullyQualifiedErrorId : CommandNotFoundException
git : The term 'git' is not recognized as the name of a cmdlet, function, script file, or operable program. Check the spelling of
the name, or if a path was included, verify that the path is correct and try again.
At line:1 char:1
+ git --version
+ ~~~
    + CategoryInfo          : ObjectNotFound: (git:String) [], CommandNotFoundException
    + FullyQualifiedErrorId : CommandNotFoundException

PS C:\Users\hrushikesh.l\OneDrive-ascendion\Desktop\Cognixia\QA-Training> git--version
git--version : The term 'git--version' is not recognized as the name of a cmdlet, function, script file, or operable 
program. Check the spelling of the name, or if a path was included, verify that the path is correct and try again.
At line:1 char:1
+ git--version
+ ~~~~~~~~~~~~
    + CategoryInfo          : ObjectNotFound: (git--version:String) [], CommandNotFoundException
    + FullyQualifiedErrorId : CommandNotFoundException
git--version : The term 'git--version' is not recognized as the name of a cmdlet, function, script file, or operable program. Check
the spelling of the name, or if a path was included, verify that the path is correct and try again.
At line:1 char:1
+ git--version
+ ~~~~~~~~~~~~
    + CategoryInfo          : ObjectNotFound: (git--version:String) [], CommandNotFoundException
    + FullyQualifiedErrorId : CommandNotFoundException

PS C:\Users\hrushikesh.l\OneDrive-ascendion\Desktop\Cognixia\QA-Training> .\git-installer.exe /VERYSILENT /NORESTART
PS C:\Users\hrushikesh.l\OneDrive-ascendion\Desktop\Cognixia\QA-Training> git --version
git : The term 'git' is not recognized as the name of a cmdlet, function, script file, or operable program. Check the 
spelling of the name, or if a path was included, verify that the path is correct and try again.
At line:1 char:1
+ git --version
+ ~~~
    + CategoryInfo          : ObjectNotFound: (git:String) [], CommandNotFoundException
    + FullyQualifiedErrorId : CommandNotFoundException
git : The term 'git' is not recognized as the name of a cmdlet, function, script file, or operable program. Check the spelling of
the name, or if a path was included, verify that the path is correct and try again.
At line:1 char:1
+ git --version
+ ~~~
    + CategoryInfo          : ObjectNotFound: (git:String) [], CommandNotFoundException
    + FullyQualifiedErrorId : CommandNotFoundException

PS C:\Users\hrushikesh.l\OneDrive-ascendion\Desktop\Cognixia\QA-Training> Set-Location cognixia102024
Set-Location : Cannot find path 'C:\Users\hrushikesh.l\OneDrive-ascendion\Desktop\Cognixia\QA-Training\cognixia102024' 
because it does not exist.
At line:1 char:1
+ Set-Location cognixia102024
+ ~~~~~~~~~~~~~~~~~~~~~~~~~~~
    + CategoryInfo          : ObjectNotFound: (C:\Users\hrushi...\cognixia102024:String) [Set-Location], 
ItemNotFoundException
    + FullyQualifiedErrorId : PathNotFound,Microsoft.PowerShell.Commands.SetLocationCommand
Set-Location : Cannot find path 'C:\Users\hrushikesh.l\OneDrive-ascendion\Desktop\Cognixia\QA-Training\cognixia102024' because it
does not exist.
At line:1 char:1
+ Set-Location cognixia102024
+ ~~~~~~~~~~~~~~~~~~~~~~~~~~~
    + CategoryInfo          : ObjectNotFound: (C:\Users\hrushi...\cognixia102024:String) [Set-Location], ItemNotFoundException
    + FullyQualifiedErrorId : PathNotFound,Microsoft.PowerShell.Commands.SetLocationCommand

PS C:\Users\hrushikesh.l\OneDrive-ascendion\Desktop\Cognixia\QA-Training> Set-Location cognixia102024
Set-Location : Cannot find path 'C:\Users\hrushikesh.l\OneDrive-ascendion\Desktop\Cognixia\QA-Training\cognixia102024' 
because it does not exist.
At line:1 char:1
+ Set-Location cognixia102024
+ ~~~~~~~~~~~~~~~~~~~~~~~~~~~
    + CategoryInfo          : ObjectNotFound: (C:\Users\hrushi...\cognixia102024:String) [Set-Location], 
ItemNotFoundException
    + FullyQualifiedErrorId : PathNotFound,Microsoft.PowerShell.Commands.SetLocationCommand
Set-Location : Cannot find path 'C:\Users\hrushikesh.l\OneDrive-ascendion\Desktop\Cognixia\QA-Training\cognixia102024' because it
does not exist.
At line:1 char:1
+ Set-Location cognixia102024
+ ~~~~~~~~~~~~~~~~~~~~~~~~~~~
    + CategoryInfo          : ObjectNotFound: (C:\Users\hrushi...\cognixia102024:String) [Set-Location], ItemNotFoundException
    + FullyQualifiedErrorId : PathNotFound,Microsoft.PowerShell.Commands.SetLocationCommand

PS C:\Users\hrushikesh.l\OneDrive-ascendion\Desktop\Cognixia\QA-Training> git --version
git : The term 'git' is not recognized as the name of a cmdlet, function, script file, or operable program. Check the 
spelling of the name, or if a path was included, verify that the path is correct and try again.
At line:1 char:1
+ git --version
+ ~~~
    + CategoryInfo          : ObjectNotFound: (git:String) [], CommandNotFoundException
    + FullyQualifiedErrorId : CommandNotFoundException
git : The term 'git' is not recognized as the name of a cmdlet, function, script file, or operable program. Check the spelling of
the name, or if a path was included, verify that the path is correct and try again.
At line:1 char:1
+ git --version
+ ~~~
    + CategoryInfo          : ObjectNotFound: (git:String) [], CommandNotFoundException
    + FullyQualifiedErrorId : CommandNotFoundException

