**********************
Windows PowerShell transcript start
Start time: 20241009123244
Username: ASCENDION\saritha.pathuri
RunAs User: ASCENDION\saritha.pathuri
Configuration Name: 
Machine: LAPTOP-ULTAIR7I (Microsoft Windows NT 10.0.22621.0)
Host Application: C:\Windows\System32\WindowsPowerShell\v1.0\powershell.exe
Process ID: 1816
PSVersion: 5.1.22621.4111
PSEdition: Desktop
PSCompatibleVersions: 1.0, 2.0, 3.0, 4.0, 5.0, 5.1.22621.4111
BuildVersion: 10.0.22621.4111
CLRVersion: 4.0.30319.42000
WSManStackVersion: 3.0
PSRemotingProtocolVersion: 2.3
SerializationVersion: 1.1.0.1
**********************
Transcript started, output file is saritha.log
PS C:\Users\saritha.pathuri> New-Item -Path C:\Users\saritha.pathuri\OneDrive - ascendion\Documents\Ascendion-Training -Name 'QA-Training' -ItemType Directory
PS C:\Users\saritha.pathuri> TerminatingError(New-Item): "A positional parameter cannot be found that accepts argument '-'."
New-Item : A positional parameter cannot be found that accepts argument '-'.
At line:1 char:1
+ New-Item -Path C:\Users\saritha.pathuri\OneDrive - ascendion\Document ...
+ ~~~~~~~~~~~~~~~~~~~~~~~~~~~~~~~~~~~~~~~~~~~~~~~~~~~~~~~~~~~~~~~~~~~~~
    + CategoryInfo          : InvalidArgument: (:) [New-Item], ParameterBindingException
    + FullyQualifiedErrorId : PositionalParameterNotFound,Microsoft.PowerShell.Commands.NewItemCommand
New-Item : A positional parameter cannot be found that accepts argument '-'.
At line:1 char:1
+ New-Item -Path C:\Users\saritha.pathuri\OneDrive - ascendion\Document ...
+ ~~~~~~~~~~~~~~~~~~~~~~~~~~~~~~~~~~~~~~~~~~~~~~~~~~~~~~~~~~~~~~~~~~~~~
    + CategoryInfo          : InvalidArgument: (:) [New-Item], ParameterBindingException
    + FullyQualifiedErrorId : PositionalParameterNotFound,Microsoft.PowerShell.Commands.NewItemCommand

PS C:\Users\saritha.pathuri> New-Item -Path . -Name 'QA-Training' -ItemType Directory


    Directory: C:\Users\saritha.pathuri


Mode                 LastWriteTime         Length Name
----                 -------------         ------ ----
d-----        09-10-2024     12:43                QA-Training


PS C:\Users\saritha.pathuri> Set-Location .\QA-Training
PS C:\Users\saritha.pathuri\QA-Training> git --version
git : The term 'git' is not recognized as the name of a cmdlet, function, script file, or operable program. Check the 
spelling of the name, or if a path was included, verify that the path is correct and try again.
At line:1 char:1
+ git --version
+ ~~~
    + CategoryInfo          : ObjectNotFound: (git:String) [], CommandNotFoundException
    + FullyQualifiedErrorId : CommandNotFoundException
git : The term 'git' is not recognized as the name of a cmdlet, function, script file, or operable program. Check the
spelling of the name, or if a path was included, verify that the path is correct and try again.
At line:1 char:1
+ git --version
+ ~~~
    + CategoryInfo          : ObjectNotFound: (git:String) [], CommandNotFoundException
    + FullyQualifiedErrorId : CommandNotFoundException

PS C:\Users\saritha.pathuri\QA-Training> Invoke-WebRequest -Uri https://github.com/git-for-windows/git/releases/download/v2.44.0.windows.1/Git-2.44.0-64-bit.exe -OutFile git-installer.exe
PS C:\Users\saritha.pathuri\QA-Training> .\git-installer.exe /VERYSILENT /NORESTART
PS C:\Users\saritha.pathuri\QA-Training> git clone https://github.com/sureshnanjan/cognixia102024.git
git : The term 'git' is not recognized as the name of a cmdlet, function, script file, or operable program. Check the 
spelling of the name, or if a path was included, verify that the path is correct and try again.
At line:1 char:1
+ git clone https://github.com/sureshnanjan/cognixia102024.git
+ ~~~
    + CategoryInfo          : ObjectNotFound: (git:String) [], CommandNotFoundException
    + FullyQualifiedErrorId : CommandNotFoundException
git : The term 'git' is not recognized as the name of a cmdlet, function, script file, or operable program. Check the
spelling of the name, or if a path was included, verify that the path is correct and try again.
At line:1 char:1
+ git clone https://github.com/sureshnanjan/cognixia102024.git
+ ~~~
    + CategoryInfo          : ObjectNotFound: (git:String) [], CommandNotFoundException
    + FullyQualifiedErrorId : CommandNotFoundException

PS C:\Users\saritha.pathuri\QA-Training> git --version
git : The term 'git' is not recognized as the name of a cmdlet, function, script file, or operable program. Check the 
spelling of the name, or if a path was included, verify that the path is correct and try again.
At line:1 char:1
+ git --version
+ ~~~
    + CategoryInfo          : ObjectNotFound: (git:String) [], CommandNotFoundException
    + FullyQualifiedErrorId : CommandNotFoundException
git : The term 'git' is not recognized as the name of a cmdlet, function, script file, or operable program. Check the
spelling of the name, or if a path was included, verify that the path is correct and try again.
At line:1 char:1
+ git --version
+ ~~~
    + CategoryInfo          : ObjectNotFound: (git:String) [], CommandNotFoundException
    + FullyQualifiedErrorId : CommandNotFoundException

