**********************
Windows PowerShell transcript start
Start time: 20241009124014
Username: ASCENDION\satyapriya.nayak
RunAs User: ASCENDION\satyapriya.nayak
Configuration Name: 
Machine: LAPTOP-KBAV6NB9 (Microsoft Windows NT 10.0.22631.0)
Host Application: C:\Windows\System32\WindowsPowerShell\v1.0\powershell.exe
Process ID: 23028
PSVersion: 5.1.22621.4111
PSEdition: Desktop
PSCompatibleVersions: 1.0, 2.0, 3.0, 4.0, 5.0, 5.1.22621.4111
BuildVersion: 10.0.22621.4111
CLRVersion: 4.0.30319.42000
WSManStackVersion: 3.0
PSRemotingProtocolVersion: 2.3
SerializationVersion: 1.1.0.1
**********************
Transcript started, output file is satyapriya.nayak.log
PS C:\Users\satyapriya.nayak> New-Item -path C:\Users\satyapriya.nayak\OneDrive - ascendion\Desktop -Name 'QA-Training' -ItemType Directory
>> TerminatingError(New-Item): "A positional parameter cannot be found that accepts argument '-'."
New-Item : A positional parameter cannot be found that accepts argument '-'.
At line:1 char:1
+ New-Item -path C:\Users\satyapriya.nayak\OneDrive - ascendion\Desktop ...
+ ~~~~~~~~~~~~~~~~~~~~~~~~~~~~~~~~~~~~~~~~~~~~~~~~~~~~~~~~~~~~~~~~~~~~~
    + CategoryInfo          : InvalidArgument: (:) [New-Item], ParameterBindingException
    + FullyQualifiedErrorId : PositionalParameterNotFound,Microsoft.PowerShell.Commands.NewItemCommand
New-Item : A positional parameter cannot be found that accepts argument '-'.
At line:1 char:1
+ New-Item -path C:\Users\satyapriya.nayak\OneDrive - ascendion\Desktop ...
+ ~~~~~~~~~~~~~~~~~~~~~~~~~~~~~~~~~~~~~~~~~~~~~~~~~~~~~~~~~~~~~~~~~~~~~
    + CategoryInfo          : InvalidArgument: (:) [New-Item], ParameterBindingException
    + FullyQualifiedErrorId : PositionalParameterNotFound,Microsoft.PowerShell.Commands.NewItemCommand

PS C:\Users\satyapriya.nayak> New-Item -path C:\Users\satyapriya.nayak -name 'QA-Training' -ItemType Directory


    Directory: C:\Users\satyapriya.nayak


Mode                 LastWriteTime         Length Name
----                 -------------         ------ ----
d-----        09-10-2024     12:48                QA-Training


PS C:\Users\satyapriya.nayak> Set-Location C:\Users\satyapriya.nayak\QA-Training
PS C:\Users\satyapriya.nayak\QA-Training> git --version
git : The term 'git' is not recognized as the name of a cmdlet, function, script file, or operable program. Check the 
spelling of the name, or if a path was included, verify that the path is correct and try again.
At line:1 char:1
+ git --version
+ ~~~
    + CategoryInfo          : ObjectNotFound: (git:String) [], CommandNotFoundException
    + FullyQualifiedErrorId : CommandNotFoundException
git : The term 'git' is not recognized as the name of a cmdlet, function, script file, or operable
program. Check the spelling of the name, or if a path was included, verify that the path is correct
and try again.
At line:1 char:1
+ git --version
+ ~~~
    + CategoryInfo          : ObjectNotFound: (git:String) [], CommandNotFoundException
    + FullyQualifiedErrorId : CommandNotFoundException

PS C:\Users\satyapriya.nayak\QA-Training>  Invoke-WebRequest -Uri https://github.com/git-for-windows/git/releases/download/v2.44.0.windows.1/Git-2.44.0-64-bit.exe -OutFile git-installer.exe
PS C:\Users\satyapriya.nayak\QA-Training> .\git-installer.exe /VERYSILENT /NORESTART
PS C:\Users\satyapriya.nayak\QA-Training> git --version
git : The term 'git' is not recognized as the name of a cmdlet, function, script file, or operable program. Check the 
spelling of the name, or if a path was included, verify that the path is correct and try again.
At line:1 char:1
+ git --version
+ ~~~
    + CategoryInfo          : ObjectNotFound: (git:String) [], CommandNotFoundException
    + FullyQualifiedErrorId : CommandNotFoundException
git : The term 'git' is not recognized as the name of a cmdlet, function, script file, or operable
program. Check the spelling of the name, or if a path was included, verify that the path is correct
and try again.
At line:1 char:1
+ git --version
+ ~~~
    + CategoryInfo          : ObjectNotFound: (git:String) [], CommandNotFoundException
    + FullyQualifiedErrorId : CommandNotFoundException

PS C:\Users\satyapriya.nayak\QA-Training> .\git-installer.exe /VERYSILENT /NORESTART
PS C:\Users\satyapriya.nayak\QA-Training> git --version
git : The term 'git' is not recognized as the name of a cmdlet, function, script file, or operable program. Check the 
spelling of the name, or if a path was included, verify that the path is correct and try again.
At line:1 char:1
+ git --version
+ ~~~
    + CategoryInfo          : ObjectNotFound: (git:String) [], CommandNotFoundException
    + FullyQualifiedErrorId : CommandNotFoundException
git : The term 'git' is not recognized as the name of a cmdlet, function, script file, or operable
program. Check the spelling of the name, or if a path was included, verify that the path is correct
and try again.
At line:1 char:1
+ git --version
+ ~~~
    + CategoryInfo          : ObjectNotFound: (git:String) [], CommandNotFoundException
    + FullyQualifiedErrorId : CommandNotFoundException

PS C:\Users\satyapriya.nayak\QA-Training> .\git-installer.exe /VERYSILENT /NORESTART
PS C:\Users\satyapriya.nayak\QA-Training> git --version
git : The term 'git' is not recognized as the name of a cmdlet, function, script file, or operable program. Check the 
spelling of the name, or if a path was included, verify that the path is correct and try again.
At line:1 char:1
+ git --version
+ ~~~
    + CategoryInfo          : ObjectNotFound: (git:String) [], CommandNotFoundException
    + FullyQualifiedErrorId : CommandNotFoundException
git : The term 'git' is not recognized as the name of a cmdlet, function, script file, or operable
program. Check the spelling of the name, or if a path was included, verify that the path is correct
and try again.
At line:1 char:1
+ git --version
+ ~~~
    + CategoryInfo          : ObjectNotFound: (git:String) [], CommandNotFoundException
    + FullyQualifiedErrorId : CommandNotFoundException

PS C:\Users\satyapriya.nayak\QA-Training> .\git-installer.exe /VERYSILENT /NORESTART
PS C:\Users\satyapriya.nayak\QA-Training> stop transcrip
stop : The term 'stop' is not recognized as the name of a cmdlet, function, script file, or operable program. Check the 
spelling of the name, or if a path was included, verify that the path is correct and try again.
At line:1 char:1
+ stop transcrip
+ ~~~~
    + CategoryInfo          : ObjectNotFound: (stop:String) [], CommandNotFoundException
    + FullyQualifiedErrorId : CommandNotFoundException
stop : The term 'stop' is not recognized as the name of a cmdlet, function, script file, or operable
program. Check the spelling of the name, or if a path was included, verify that the path is correct
and try again.
At line:1 char:1
+ stop transcrip
+ ~~~~
    + CategoryInfo          : ObjectNotFound: (stop:String) [], CommandNotFoundException
    + FullyQualifiedErrorId : CommandNotFoundException

PS C:\Users\satyapriya.nayak\QA-Training> stop transcript
stop : The term 'stop' is not recognized as the name of a cmdlet, function, script file, or operable program. Check the 
spelling of the name, or if a path was included, verify that the path is correct and try again.
At line:1 char:1
+ stop transcript
+ ~~~~
    + CategoryInfo          : ObjectNotFound: (stop:String) [], CommandNotFoundException
    + FullyQualifiedErrorId : CommandNotFoundException
stop : The term 'stop' is not recognized as the name of a cmdlet, function, script file, or operable
program. Check the spelling of the name, or if a path was included, verify that the path is correct
and try again.
At line:1 char:1
+ stop transcript
+ ~~~~
    + CategoryInfo          : ObjectNotFound: (stop:String) [], CommandNotFoundException
    + FullyQualifiedErrorId : CommandNotFoundException

PS C:\Users\satyapriya.nayak\QA-Training> stop-transcript
**********************
Windows PowerShell transcript end
End time: 20241009132254
**********************
