**********************
Windows PowerShell transcript start
Start time: 20241104203210
Username: ASCENDION\logesh.s
RunAs User: ASCENDION\logesh.s
Configuration Name: 
Machine: LAPTOP-NLC9D3TP (Microsoft Windows NT 10.0.22631.0)
Host Application: C:\Windows\System32\WindowsPowerShell\v1.0\powershell.exe
Process ID: 29768
PSVersion: 5.1.22621.4249
PSEdition: Desktop
PSCompatibleVersions: 1.0, 2.0, 3.0, 4.0, 5.0, 5.1.22621.4249
BuildVersion: 10.0.22621.4249
CLRVersion: 4.0.30319.42000
WSManStackVersion: 3.0
PSRemotingProtocolVersion: 2.3
SerializationVersion: 1.1.0.1
**********************
Transcript started, output file is logeshCsharp.log
PS C:\Users\logesh.s\cognixia102024\csharp\MyPrograms> C:\Windows\Microsoft.NET\Framework64\v4.0.30319\csc.exe /target:library logeshUtil.txt

PS C:\Users\logesh.s\cognixia102024\csharp\MyPrograms> C:\Windows\Microsoft.NET\Framework64\v4.0.30319\csc.exe /r:logeshUtil.dll logeshMain.txt

PS C:\Users\logesh.s\cognixia102024\csharp\MyPrograms> logeshMain.exe
logeshMain.exe : The term 'logeshMain.exe' is not recognized as the name of a cmdlet, function, script file, or 
operable program. Check the spelling of the name, or if a path was included, verify that the path is correct and try 
again.
At line:1 char:1
+ logeshMain.exe
+ ~~~~~~~~~~~~~~
    + CategoryInfo          : ObjectNotFound: (logeshMain.exe:String) [], CommandNotFoundException
    + FullyQualifiedErrorId : CommandNotFoundException
logeshMain.exe : The term 'logeshMain.exe' is not recognized as the name of a cmdlet, function, script file, or
operable program. Check the spelling of the name, or if a path was included, verify that the path is correct and try
again.
At line:1 char:1
+ logeshMain.exe
+ ~~~~~~~~~~~~~~
    + CategoryInfo          : ObjectNotFound: (logeshMain.exe:String) [], CommandNotFoundException
    + FullyQualifiedErrorId : CommandNotFoundException

PS C:\Users\logesh.s\cognixia102024\csharp\MyPrograms> .\logeshMain.exe

PS C:\Users\logesh.s\cognixia102024\csharp\MyPrograms> Stop-Transcript
**********************
Windows PowerShell transcript end
End time: 20241104203456
**********************
